2025-06-07 12:16:33,610 Step 0: User at (0, 0), KB: {'user_position': (0, 0), 'goal_position': (8, 9), 'obstacles': set(), 'wet_floors': set(), 'walls': {(5, 1), (5, 6), (7, 2), (6, 6), (8, 2)}, 'uncertainty': {}, 'last_update': 0, 'status_flags': {'uncertainty': False, 'sensor_error': False}}
2025-06-07 12:16:33,747 Moving from (0, 0) -> (0, 1)
2025-06-07 12:16:33,798 Step 1: User at (0, 1), KB: {'user_position': (0, 1), 'goal_position': (8, 9), 'obstacles': set(), 'wet_floors': set(), 'walls': {(5, 1), (5, 6), (7, 2), (6, 6), (8, 2)}, 'uncertainty': {}, 'last_update': 1749278793.7473762, 'status_flags': {'uncertainty': False, 'sensor_error': False}}
2025-06-07 12:16:33,924 Moving from (0, 1) -> (0, 2)
2025-06-07 12:16:33,976 Step 2: User at (0, 2), KB: {'user_position': (0, 2), 'goal_position': (8, 9), 'obstacles': {(1, 2)}, 'wet_floors': set(), 'walls': {(5, 1), (5, 6), (7, 2), (6, 6), (8, 2)}, 'uncertainty': {}, 'last_update': 1749278793.924452, 'status_flags': {'uncertainty': False, 'sensor_error': False}}
2025-06-07 12:16:34,097 Moving from (0, 2) -> (0, 3)
2025-06-07 12:16:34,148 Step 3: User at (0, 3), KB: {'user_position': (0, 3), 'goal_position': (8, 9), 'obstacles': {(1, 2)}, 'wet_floors': {(1, 3)}, 'walls': {(5, 1), (5, 6), (7, 2), (6, 6), (8, 2)}, 'uncertainty': {}, 'last_update': 1749278794.097368, 'status_flags': {'uncertainty': False, 'sensor_error': False}}
2025-06-07 12:16:34,274 Warning: Wet floor nearby! Alert user!
2025-06-07 12:16:34,274 Moving from (0, 3) -> (0, 4)
2025-06-07 12:16:34,325 Step 4: User at (0, 4), KB: {'user_position': (0, 4), 'goal_position': (8, 9), 'obstacles': {(1, 2), (1, 4)}, 'wet_floors': {(1, 3)}, 'walls': {(5, 1), (5, 6), (7, 2), (6, 6), (8, 2)}, 'uncertainty': {}, 'last_update': 1749278794.274385, 'status_flags': {'uncertainty': False, 'sensor_error': False}}
2025-06-07 12:16:34,449 Moving from (0, 4) -> (0, 5)
2025-06-07 12:16:34,500 Step 5: User at (0, 5), KB: {'user_position': (0, 5), 'goal_position': (8, 9), 'obstacles': {(1, 2), (1, 4)}, 'wet_floors': {(1, 3)}, 'walls': {(5, 1), (5, 6), (7, 2), (6, 6), (8, 2)}, 'uncertainty': {}, 'last_update': 1749278794.4494631, 'status_flags': {'uncertainty': False, 'sensor_error': False}}
2025-06-07 12:16:34,626 Moving from (0, 5) -> (0, 6)
2025-06-07 12:16:34,677 Step 6: User at (0, 6), KB: {'user_position': (0, 6), 'goal_position': (8, 9), 'obstacles': {(1, 2), (1, 4), (1, 5)}, 'wet_floors': {(1, 3)}, 'walls': {(5, 1), (5, 6), (7, 2), (6, 6), (8, 2)}, 'uncertainty': {}, 'last_update': 1749278794.625922, 'status_flags': {'uncertainty': False, 'sensor_error': False}}
2025-06-07 12:16:34,802 Moving from (0, 6) -> (0, 7)
2025-06-07 12:16:34,853 Step 7: User at (0, 7), KB: {'user_position': (0, 7), 'goal_position': (8, 9), 'obstacles': {(1, 2), (1, 4), (1, 5)}, 'wet_floors': {(1, 3)}, 'walls': {(5, 1), (5, 6), (7, 2), (6, 6), (8, 2)}, 'uncertainty': {}, 'last_update': 1749278794.801783, 'status_flags': {'uncertainty': False, 'sensor_error': False}}
2025-06-07 12:16:34,978 Moving from (0, 7) -> (0, 8)
2025-06-07 12:16:35,029 Step 8: User at (0, 8), KB: {'user_position': (0, 8), 'goal_position': (8, 9), 'obstacles': {(1, 2), (0, 6), (1, 4), (1, 5)}, 'wet_floors': {(1, 3)}, 'walls': {(5, 1), (5, 6), (7, 2), (6, 6), (8, 2)}, 'uncertainty': {}, 'last_update': 1749278794.978016, 'status_flags': {'uncertainty': False, 'sensor_error': False}}
2025-06-07 12:16:35,153 Moving from (0, 8) -> (0, 9)
2025-06-07 12:16:35,204 Step 9: User at (0, 9), KB: {'user_position': (0, 9), 'goal_position': (8, 9), 'obstacles': {(1, 2), (0, 6), (1, 4), (1, 5)}, 'wet_floors': {(1, 3)}, 'walls': {(5, 1), (5, 6), (7, 2), (6, 6), (8, 2)}, 'uncertainty': {}, 'last_update': 1749278795.153538, 'status_flags': {'uncertainty': False, 'sensor_error': False}}
2025-06-07 12:16:35,327 Moving from (0, 9) -> (1, 9)
2025-06-07 12:16:35,378 Step 10: User at (1, 9), KB: {'user_position': (1, 9), 'goal_position': (8, 9), 'obstacles': {(1, 2), (0, 6), (1, 4), (1, 5)}, 'wet_floors': {(1, 3)}, 'walls': {(5, 1), (5, 6), (7, 2), (6, 6), (8, 2)}, 'uncertainty': {}, 'last_update': 1749278795.3276072, 'status_flags': {'uncertainty': False, 'sensor_error': False}}
2025-06-07 12:16:35,502 Moving from (1, 9) -> (2, 9)
2025-06-07 12:16:35,553 Step 11: User at (2, 9), KB: {'user_position': (2, 9), 'goal_position': (8, 9), 'obstacles': {(1, 2), (0, 6), (1, 4), (1, 5)}, 'wet_floors': {(1, 3)}, 'walls': {(5, 1), (5, 6), (7, 2), (6, 6), (8, 2)}, 'uncertainty': {}, 'last_update': 1749278795.502388, 'status_flags': {'uncertainty': False, 'sensor_error': False}}
2025-06-07 12:16:35,675 Moving from (2, 9) -> (3, 9)
2025-06-07 12:16:35,726 Step 12: User at (3, 9), KB: {'user_position': (3, 9), 'goal_position': (8, 9), 'obstacles': {(1, 2), (0, 6), (1, 4), (1, 5)}, 'wet_floors': {(1, 3)}, 'walls': {(5, 1), (5, 6), (7, 2), (6, 6), (8, 2)}, 'uncertainty': {}, 'last_update': 1749278795.675127, 'status_flags': {'uncertainty': False, 'sensor_error': False}}
2025-06-07 12:16:35,845 Moving from (3, 9) -> (4, 9)
2025-06-07 12:16:35,896 Step 13: User at (4, 9), KB: {'user_position': (4, 9), 'goal_position': (8, 9), 'obstacles': {(1, 2), (0, 6), (1, 4), (1, 5)}, 'wet_floors': {(1, 3)}, 'walls': {(5, 1), (5, 6), (7, 2), (6, 6), (8, 2)}, 'uncertainty': {}, 'last_update': 1749278795.8453948, 'status_flags': {'uncertainty': False, 'sensor_error': False}}
2025-06-07 12:16:36,013 Moving from (4, 9) -> (5, 9)
2025-06-07 12:16:36,064 Step 14: User at (5, 9), KB: {'user_position': (5, 9), 'goal_position': (8, 9), 'obstacles': {(1, 2), (0, 6), (1, 4), (1, 5)}, 'wet_floors': {(1, 3)}, 'walls': {(5, 1), (5, 6), (7, 2), (6, 6), (8, 2)}, 'uncertainty': {}, 'last_update': 1749278796.013485, 'status_flags': {'uncertainty': False, 'sensor_error': False}}
2025-06-07 12:16:36,198 Moving from (5, 9) -> (6, 9)
2025-06-07 12:16:36,249 Step 15: User at (6, 9), KB: {'user_position': (6, 9), 'goal_position': (8, 9), 'obstacles': {(1, 2), (0, 6), (1, 4), (1, 5)}, 'wet_floors': {(1, 3)}, 'walls': {(5, 1), (5, 6), (7, 2), (6, 6), (8, 2)}, 'uncertainty': {}, 'last_update': 1749278796.198418, 'status_flags': {'uncertainty': False, 'sensor_error': False}}
2025-06-07 12:16:36,369 Moving from (6, 9) -> (7, 9)
2025-06-07 12:16:36,420 Step 16: User at (7, 9), KB: {'user_position': (7, 9), 'goal_position': (8, 9), 'obstacles': {(1, 2), (0, 6), (1, 4), (1, 5)}, 'wet_floors': {(1, 3)}, 'walls': {(5, 1), (5, 6), (7, 2), (6, 6), (8, 2)}, 'uncertainty': {}, 'last_update': 1749278796.36973, 'status_flags': {'uncertainty': False, 'sensor_error': False}}
2025-06-07 12:16:36,539 Moving from (7, 9) -> (8, 9)
2025-06-07 12:16:36,539 GOAL REACHED!
